// Jest Snapshot v1, https://goo.gl/fbAQLP

exports[`Button Renders 1`] = `
<button
  className="sc-bdnxRM eBJmcI"
>
  Text
</button>
`;
